// Jest Snapshot v1, https://goo.gl/fbAQLP

exports[`userFind Component renders without crashing 1`] = `
<Fragment>
  <div
    className="userFindBox"
  >
    <div
      className="userFind__container"
    >
      <div
        className="userFind__Header"
      >
        <span
          className="backBtn"
          onClick={[Function]}
        >
          <FontAwesomeIcon
            border={false}
            className=""
            fixedWidth={false}
            flip={null}
            icon={
              Object {
                "icon": Array [
                  448,
                  512,
                  Array [],
                  "f060",
                  "M257.5 445.1l-22.2 22.2c-9.4 9.4-24.6 9.4-33.9 0L7 273c-9.4-9.4-9.4-24.6 0-33.9L201.4 44.7c9.4-9.4 24.6-9.4 33.9 0l22.2 22.2c9.5 9.5 9.3 25-.4 34.3L136.6 216H424c13.3 0 24 10.7 24 24v32c0 13.3-10.7 24-24 24H136.6l120.5 114.8c9.8 9.3 10 24.8.4 34.3z",
                ],
                "iconName": "arrow-left",
                "prefix": "fas",
              }
            }
            inverse={false}
            listItem={false}
            mask={null}
            pull={null}
            pulse={false}
            rotation={null}
            size="2x"
            spin={false}
            symbol={false}
            title=""
            transform={null}
          />
        </span>
        <Link
          replace={false}
          to="/"
        >
          CODE FUN
        </Link>
      </div>
      <div
        className="userFind__Body"
      >
        <div
          className="userFind__container__userName"
        >
          <div>
            Test
             ProjectList
          </div>
        </div>
        <div
          className="userFind__container__project"
        />
      </div>
    </div>
  </div>
</Fragment>
`;
